        PASS [   0.106s] (1001/1075) torus-types eip712::tests::validate_correct_chain_id_succeeds
        PASS [   0.092s] (1002/1075) torus-types eip712::tests::validate_nonce_too_future
        PASS [   0.221s] (1003/1075) torus-types eip712::tests::trading_scope_allows_place_order_batch_transfers_only_rejects
        PASS [   1.693s] (1004/1075) torus-state::state_tests storage_write_read_roundtrip
        PASS [   0.108s] (1005/1075) torus-types eip712::tests::validate_nonce_too_old
        PASS [   0.785s] (1006/1075) torus-types eip712::tests::sign_and_recover_all_variants
        PASS [   0.095s] (1007/1075) torus-types tests::attestation_excluded_from_canonical_bytes
        PASS [   0.187s] (1008/1075) torus-types eip712::tests::validate_nonce_within_window
        PASS [   0.087s] (1009/1075) torus-types tests::checked_add_overflow_returns_error
        PASS [   0.026s] (1010/1075) torus-types tests::checked_arithmetic_normal_operations
        PASS [   0.091s] (1011/1075) torus-types tests::compact_block_empty_actions
        PASS [   0.097s] (1012/1075) torus-types tests::checked_sub_underflow_returns_error
        PASS [   0.099s] (1013/1075) torus-types tests::checked_div_by_zero_returns_error
        PASS [   0.096s] (1014/1075) torus-types tests::compact_block_roundtrip_bincode
        PASS [   0.015s] (1015/1075) torus-types tests::compute_action_hash_differs_by_action
        PASS [   1.912s] (1016/1075) torus-state::state_tests storage_zero_deletes
        PASS [   0.030s] (1017/1075) torus-types tests::compute_action_hash_deterministic
        PASS [   0.084s] (1018/1075) torus-types tests::compute_action_hash_differs_by_nonce
        PASS [   0.098s] (1019/1075) torus-types tests::compact_block_smaller_than_full_block
        PASS [   0.386s] (1020/1075) torus-types tests::add_operator_panics_on_overflow
        PASS [   0.087s] (1021/1075) torus-types tests::div_operator_panics_on_zero
        PASS [   0.019s] (1022/1075) torus-types tests::header_with_attestation_serializes
        PASS [   0.086s] (1023/1075) torus-types tests::fixed_point_basic_arithmetic
        PASS [   0.086s] (1024/1075) torus-types tests::fixed_point_division
        PASS [   0.021s] (1025/1075) torus-types tests::fixed_point_precision
        PASS [   0.019s] (1026/1075) torus-types tests::place_order_batch_canonical_bytes_deterministic_and_distinct
        PASS [   0.090s] (1027/1075) torus-types tests::header_without_attestation_defaults_to_zero
        PASS [   0.082s] (1028/1075) torus-types tests::sub_operator_panics_on_underflow
        PASS [   1.603s] (1029/1075) torus-types eip712::tests::batch_verify_parallel_matches_serial_for_large_mixed_batch
        PASS [   0.207s] (1030/1075) torus-types::eip712_vectors domain_separator_matches_spec
        PASS [   0.134s] (1031/1075) torus-wallet::bin/torus-wallet commands::governance::tests::test_proposal_invalid_json_errors
        PASS [   0.072s] (1032/1075) torus-wallet::bin/torus-wallet commands::governance::tests::test_proposal_missing_field_errors
        PASS [   0.066s] (1033/1075) torus-wallet::bin/torus-wallet commands::governance::tests::test_proposal_unknown_type_errors
        PASS [   0.201s] (1034/1075) torus-wallet::bin/torus-wallet commands::governance::tests::test_proposal_list_market
        PASS [   0.287s] (1035/1075) torus-wallet::bin/torus-wallet commands::governance::tests::test_proposal_delist_market
        PASS [   0.095s] (1036/1075) torus-wallet::bin/torus-wallet commands::governance::tests::test_proposal_validator_registration
        PASS [   0.170s] (1037/1075) torus-wallet::bin/torus-wallet commands::governance::tests::test_proposal_param_change
        PASS [   0.099s] (1038/1075) torus-wallet::bin/torus-wallet commands::staking::tests::test_top_up_self_stake_roundtrip
        PASS [   0.125s] (1039/1075) torus-wallet::bin/torus-wallet commands::governance::tests::test_proposal_update_market_params
        PASS [   0.117s] (1040/1075) torus-wallet::bin/torus-wallet commands::trading::tests::test_cancel_all_roundtrip
        PASS [   0.117s] (1041/1075) torus-wallet::bin/torus-wallet commands::trading::tests::test_cancel_order_roundtrip
        PASS [   0.213s] (1042/1075) torus-wallet::bin/torus-wallet commands::staking::tests::test_permanent_stake_roundtrip
        PASS [   0.109s] (1043/1075) torus-wallet::bin/torus-wallet commands::trading::tests::test_modify_order_roundtrip
        PASS [   0.176s] (1044/1075) torus-wallet::bin/torus-wallet commands::trading::tests::test_place_order_stop_limit_roundtrip
        PASS [   0.105s] (1045/1075) torus-wallet::bin/torus-wallet commands::transfer::tests::test_withdraw_roundtrip
        PASS [   0.182s] (1046/1075) torus-wallet::bin/torus-wallet commands::transfer::tests::test_transfer_to_perp_roundtrip
        PASS [   0.182s] (1047/1075) torus-wallet::bin/torus-wallet commands::transfer::tests::test_transfer_to_spot_roundtrip
        PASS [   0.179s] (1048/1075) torus-wallet::bin/torus-wallet commands::validator::tests::test_jail_vote_roundtrip
        PASS [   0.119s] (1049/1075) torus-wallet::bin/torus-wallet commands::validator::tests::test_register_validator_roundtrip
        PASS [   0.095s] (1050/1075) torus-wallet::bin/torus-wallet keystore::tests::address_derivation
        PASS [   0.181s] (1051/1075) torus-wallet::bin/torus-wallet commands::validator::tests::test_rotate_key_roundtrip
        PASS [   0.115s] (1052/1075) torus-wallet::bin/torus-wallet commands::validator::tests::test_unjail_roundtrip
        PASS [   0.117s] (1053/1075) torus-wallet::bin/torus-wallet commands::validator::tests::test_update_commission_roundtrip
        PASS [   0.097s] (1054/1075) torus-wallet::bin/torus-wallet parse::tests::test_parse_address
        PASS [   0.022s] (1055/1075) torus-wallet::bin/torus-wallet parse::tests::test_parse_trs_to_wei
        PASS [   0.182s] (1056/1075) torus-wallet::bin/torus-wallet parse::tests::test_parse_decimal_to_fixed_point
        PASS [   0.180s] (1057/1075) torus-wallet::bin/torus-wallet parse::tests::test_parse_pubkey
        PASS [   0.015s] (1058/1075) torus-wallet::bin/torus-wallet rpc::tests::test_parse_hex
        PASS [   0.092s] (1059/1075) torus-wallet::bin/torus-wallet rpc::tests::test_format_trs
        PASS [   0.104s] (1060/1075) torus-wallet::bin/torus-wallet rpc::tests::test_submit_hex_roundtrip
        PASS [   0.096s] (1061/1075) torus-wallet::bin/torus-wallet sign::tests::test_build_eip1559_tx
        PASS [   0.195s] (1062/1075) torus-wallet::bin/torus-wallet sign::tests::test_delegate_action_signing
        PASS [   0.116s] (1063/1075) torus-wallet::bin/torus-wallet sign::tests::test_dry_run_output_is_valid_json
        PASS [   0.195s] (1064/1075) torus-wallet::bin/torus-wallet sign::tests::test_native_action_signing
        PASS [   0.095s] (1065/1075) torus-wallet::bin/torus-wallet sign::tests::test_passphrase_file_trim
        PASS [   0.110s] (1066/1075) torus-wallet::bin/torus-wallet sign::tests::test_passphrase_file_missing
        PASS [   0.086s] (1067/1075) torus-wallet::bin/torus-wallet sign::tests::test_resolve_address_explicit
        PASS [   0.105s] (1068/1075) torus-wallet::bin/torus-wallet sign::tests::test_passphrase_file_trim_trailing_spaces
        PASS [   0.015s] (1069/1075) torus-wallet::bin/torus-wallet sign::tests::test_resolve_address_missing_errors
        PASS [   1.680s] (1070/1075) torus-types::eip712_vectors v_byte_is_27_or_28_for_all_variants
        PASS [   1.880s] (1071/1075) torus-types::eip712_vectors fixture_file_matches_current_implementation
        PASS [   6.506s] (1072/1075) torus-wallet::bin/torus-wallet keystore::tests::keygen_and_load
        PASS [   6.432s] (1073/1075) torus-wallet::bin/torus-wallet keystore::tests::wrong_passphrase_fails
        PASS [   6.122s] (1074/1075) torus-wallet::bin/torus-wallet sign::tests::test_resolve_address_from_keystore
        PASS [  30.911s] (1075/1075) torus-state native_trie::tests::sequential_native_commits_match_full_scan
────────────
     Summary [ 231.394s] 1075 tests run: 1073 passed (3 slow), 2 failed, 9 skipped
  TRY 3 FAIL [   1.565s] (  69/1075) hotstuff_rs pacemaker::implementation::update_view_on_schedule_keeps_cumulative_deadline
     SIGABRT [ 205.784s] ( 920/1075) hotstuff_rs::progress_and_validator_set_update_test progress_and_validator_set_update_test
error: test run failed
NEXTEST_RC=100
