   Compiling proc-macro2 v1.0.106
   Compiling unicode-ident v1.0.24
   Compiling quote v1.0.45
   Compiling libc v0.2.184
   Compiling cfg-if v1.0.4
   Compiling serde_core v1.0.228
   Compiling version_check v0.9.5
   Compiling typenum v1.19.0
   Compiling serde v1.0.228
   Compiling subtle v2.6.1
   Compiling generic-array v0.14.7
   Compiling portable-atomic v1.13.1
   Compiling critical-section v1.2.0
   Compiling const-oid v0.9.6
   Compiling memchr v2.8.0
   Compiling cpufeatures v0.2.17
   Compiling syn v2.0.117
   Compiling pin-project-lite v0.2.17
   Compiling itoa v1.0.18
   Compiling getrandom v0.2.17
   Compiling once_cell v1.21.4
   Compiling rand_core v0.6.4
   Compiling smallvec v1.15.1
   Compiling thiserror v2.0.18
   Compiling shlex v1.3.0
   Compiling find-msvc-tools v0.1.9
   Compiling zerocopy v0.8.48
   Compiling rustversion v1.0.22
   Compiling keccak v0.1.6
   Compiling equivalent v1.0.2
   Compiling paste v1.0.15
   Compiling jobserver v0.1.34
   Compiling cc v1.2.60
   Compiling hashbrown v0.17.0
   Compiling tracing-core v0.1.36
   Compiling arrayvec v0.7.6
   Compiling rustc-hash v2.1.2
   Compiling indexmap v2.14.0
   Compiling ff v0.13.1
   Compiling base16ct v0.2.0
   Compiling group v0.13.0
   Compiling unicode-xid v0.2.6
   Compiling futures-core v0.3.32
   Compiling unicode-segmentation v1.13.2
   Compiling futures-sink v0.3.32
   Compiling ruint-macro v1.2.1
   Compiling futures-io v0.3.32
   Compiling parking_lot_core v0.9.12
   Compiling convert_case v0.10.0
   Compiling autocfg v1.5.0
   Compiling foldhash v0.2.0
   Compiling scopeguard v1.2.0
   Compiling lock_api v0.4.14
   Compiling hashbrown v0.16.1
   Compiling const-hex v1.18.1
   Compiling slab v0.4.12
   Compiling log v0.4.29
   Compiling parking_lot v0.12.5
   Compiling futures-channel v0.3.32
   Compiling zeroize_derive v1.4.3
   Compiling serde_derive v1.0.228
   Compiling thiserror-impl v2.0.18
   Compiling tracing-attributes v0.1.31
   Compiling zeroize v1.8.2
   Compiling alloy-rlp-derive v0.3.15
   Compiling ppv-lite86 v0.2.21
   Compiling der v0.7.10
   Compiling crypto-common v0.1.7
   Compiling block-buffer v0.10.4
   Compiling digest v0.10.7
   Compiling crypto-bigint v0.5.5
   Compiling rand_chacha v0.3.1
   Compiling signature v2.2.0
   Compiling hmac v0.12.1
   Compiling sha2 v0.10.9
   Compiling tracing v0.1.44
   Compiling spki v0.7.3
   Compiling sec1 v0.7.3
   Compiling pkcs8 v0.10.2
   Compiling elliptic-curve v0.13.8
   Compiling rfc6979 v0.4.0
   Compiling rand v0.8.5
   Compiling derive_more-impl v2.1.1
   Compiling sha3 v0.10.8
   Compiling ecdsa v0.16.9
   Compiling synstructure v0.13.2
   Compiling bytes v1.11.1
   Compiling either v1.15.0
   Compiling k256 v0.13.4
   Compiling futures-macro v0.3.32
   Compiling winnow v1.0.1
   Compiling futures-task v0.3.32
   Compiling alloy-rlp v0.3.15
   Compiling ruint v1.17.2
   Compiling toml_datetime v1.1.1+spec-1.1.0
   Compiling futures-util v0.3.32
   Compiling heck v0.5.0
   Compiling num-traits v0.2.19
   Compiling toml_parser v1.1.2+spec-1.1.0
   Compiling socket2 v0.6.3
   Compiling toml_edit v0.25.11+spec-1.1.0
   Compiling errno v0.3.14
   Compiling getrandom v0.3.4
   Compiling signal-hook-registry v1.4.8
   Compiling proc-macro-crate v3.5.0
   Compiling zerofrom-derive v0.1.7
   Compiling tokio-macros v2.7.0
   Compiling displaydoc v0.2.5
   Compiling mio v1.2.0
   Compiling derive_more v2.1.1
   Compiling zmij v1.0.21
   Compiling alloy-primitives v1.5.7
   Compiling semver v1.0.28
   Compiling tokio v1.51.1
   Compiling zerofrom v0.1.7
   Compiling rustc_version v0.4.1
   Compiling yoke-derive v0.8.2
   Compiling bitflags v2.11.0
   Compiling stable_deref_trait v1.2.1
   Compiling serde_json v1.0.149
   Compiling rand_core v0.9.5
   Compiling crossbeam-utils v0.8.21
   Compiling static_assertions v1.1.0
   Compiling rand_chacha v0.9.0
   Compiling zerovec-derive v0.11.3
   Compiling yoke v0.8.2
   Compiling wasm-bindgen-shared v0.2.118
   Compiling rand v0.9.3
   Compiling zerovec v0.11.6
   Compiling num_enum_derive v0.7.6
   Compiling num-integer v0.1.46
   Compiling byteorder v1.5.0
   Compiling arrayref v0.3.9
   Compiling curve25519-dalek v4.1.3
   Compiling num-bigint v0.4.6
   Compiling alloy-eip7928 v0.3.3
   Compiling curve25519-dalek-derive v0.1.1
   Compiling num_enum v0.7.6
   Compiling auto_impl v1.3.0
   Compiling radium v0.7.0
   Compiling allocator-api2 v0.2.21
   Compiling foldhash v0.1.5
   Compiling hashbrown v0.15.5
   Compiling tinystr v0.8.3
   Compiling ahash v0.8.12
   Compiling litemap v0.8.2
   Compiling tap v1.0.1
   Compiling writeable v0.6.3
   Compiling wyz v0.5.1
   Compiling icu_locale_core v2.2.0
   Compiling revm-primitives v22.1.0
   Compiling potential_utf v0.1.5
   Compiling merlin v3.0.0
   Compiling zerotrie v0.2.4
   Compiling futures-executor v0.3.32
   Compiling ed25519 v2.2.3
   Compiling icu_properties_data v2.2.0
   Compiling utf8_iter v1.0.4
   Compiling funty v2.0.0
   Compiling icu_normalizer_data v2.2.0
   Compiling bumpalo v3.20.2
   Compiling wasm-bindgen-macro-support v0.2.118
   Compiling bitvec v1.0.1
   Compiling icu_collections v2.2.0
   Compiling ed25519-dalek v2.2.0
   Compiling icu_provider v2.2.0
   Compiling futures v0.3.32
   Compiling alloy-eip2930 v0.2.3
   Compiling alloy-eip7702 v0.6.3
   Compiling wasm-bindgen v0.2.118
   Compiling ident_case v1.0.1
   Compiling strsim v0.11.1
   Compiling darling_core v0.23.0
   Compiling pin-project-internal v1.1.11
   Compiling revm-bytecode v9.0.0
   Compiling cfg_aliases v0.2.1
   Compiling wasm-bindgen-macro v0.2.118
   Compiling icu_normalizer v2.2.0
   Compiling revm-state v10.0.0
   Compiling pin-project v1.1.11
   Compiling icu_properties v2.2.0
   Compiling idna_adapter v1.2.1
   Compiling darling_macro v0.23.0
   Compiling js-sys v0.3.95
   Compiling percent-encoding v2.3.2
   Compiling crc-catalog v2.4.0
   Compiling darling v0.23.0
   Compiling crc v3.4.0
   Compiling form_urlencoded v1.2.2
   Compiling idna v1.1.0
   Compiling revm-database-interface v10.0.0
   Compiling crossbeam-epoch v0.9.18
   Compiling enum-ordinalize-derive v4.3.2
   Compiling pkg-config v0.3.33
   Compiling fnv v1.0.7
   Compiling send_wrapper v0.4.0
   Compiling url v2.5.8
   Compiling enum-ordinalize v4.3.2
   Compiling alloy-eip2124 v0.2.0
   Compiling serde_with_macros v3.18.0
   Compiling ark-std v0.5.0
   Compiling ark-serialize-derive v0.5.0
   Compiling ring v0.17.14
   Compiling serde_with v3.18.0
   Compiling ark-ff-macros v0.5.0
   Compiling ark-serialize v0.5.0
   Compiling educe v0.6.0
   Compiling alloy-serde v1.8.3
   Compiling nybbles v0.4.8
   Compiling itertools v0.13.0
   Compiling ark-ff-asm v0.5.0
   Compiling hex v0.4.3
   Compiling alloy-eips v1.8.3
   Compiling alloy-trie v0.9.5
   Compiling ark-ff v0.5.0
   Compiling blst v0.3.16
   Compiling gloo-timers v0.2.6
   Compiling futures-timer v3.0.3
   Compiling data-encoding v2.10.0
   Compiling alloy-tx-macros v1.8.3
   Compiling secp256k1-sys v0.11.0
   Compiling num_cpus v1.17.0
   Compiling rayon-core v1.13.0
   Compiling untrusted v0.9.0
   Compiling alloy-consensus v1.8.3
   Compiling threadpool v1.8.1
   Compiling crossbeam-deque v0.8.6
   Compiling num-rational v0.4.2
   Compiling num-iter v0.1.45
   Compiling num-complex v0.4.6
   Compiling strum_macros v0.27.2
   Compiling c-kzg v2.1.7
   Compiling unsigned-varint v0.8.0
   Compiling data-encoding-macro-internal v0.1.17
   Compiling strum v0.27.2
   Compiling num v0.4.3
   Compiling revm-database v12.0.0
   Compiling revm-context-interface v16.0.0
   Compiling quick-protobuf v0.8.1
   Compiling ark-poly v0.5.0
   Compiling raw-cpuid v11.6.0
   Compiling ark-ec v0.5.0
   Compiling primeorder v0.13.6
   Compiling rustls-pki-types v1.14.0
   Compiling match-lookup v0.1.2
   Compiling core2 v0.4.0
   Compiling glob v0.3.3
   Compiling const-str v0.4.3
   Compiling base256emoji v1.0.2
   Compiling clang-sys v1.8.1
   Compiling multihash v0.19.3
   Compiling quanta v0.12.6
   Compiling p256 v0.13.2
   Compiling secp256k1 v0.31.1
   Compiling rayon v1.11.0
   Compiling ark-bls12-381 v0.5.0
   Compiling ark-bn254 v0.5.0
   Compiling aurora-engine-modexp v1.2.0
   Compiling data-encoding-macro v0.1.19
   Compiling alloy-genesis v1.8.3
   Compiling zstd-sys v2.0.16+zstd.1.5.7
   Compiling hkdf v0.12.4
   Compiling ripemd v0.1.3
   Compiling derive-where v1.6.1
   Compiling macro-string v0.1.4
   Compiling syn-solidity v1.5.7
   Compiling proc-macro-error-attr2 v2.0.0
   Compiling bs58 v0.5.1
   Compiling base-x v0.2.11
   Compiling dunce v1.0.5
   Compiling multibase v0.9.2
   Compiling revm-precompile v32.1.0
   Compiling revm-context v15.0.0
   Compiling libp2p-identity v0.2.13
   Compiling proc-macro-error2 v2.0.1
   Compiling reth-primitives-traits v0.1.1
   Compiling alloy-sol-macro-input v1.5.7
   Compiling revm-interpreter v34.0.0
   Compiling itertools v0.14.0
   Compiling const_format_proc_macros v0.2.34
   Compiling parity-scale-codec v3.7.5
   Compiling minimal-lexical v0.2.1
   Compiling rustls v0.23.38
   Compiling web-time v1.1.0
   Compiling unsigned-varint v0.7.2
   Compiling regex-syntax v0.8.10
   Compiling multistream-select v0.13.0
   Compiling reth-trie-common v2.0.0 (https://github.com/paradigmxyz/reth?tag=v2.0.0#eb4c15e5)
   Compiling nom v7.1.3
   Compiling revm-handler v17.0.0
   Compiling regex-automata v0.4.14
   Compiling const_format v0.2.35
   Compiling alloy-sol-macro-expander v1.5.7
   Compiling multiaddr v0.18.2
   Compiling rustls-webpki v0.103.11
   Compiling libloading v0.8.9
   Compiling rw-stream-sink v0.4.0
   Compiling fixed-map-derive v0.9.5
   Compiling modular-bitfield-impl v0.13.1
   Compiling impl-trait-for-tuples v0.2.3
   Compiling vcpkg v0.2.15
   Compiling bindgen v0.72.1
   Compiling byte-slice-cast v1.2.3
   Compiling fixed-map v0.9.5
   Compiling libz-sys v1.1.28
   Compiling modular-bitfield v0.13.1
   Compiling alloy-sol-macro v1.5.7
   Compiling libp2p-core v0.43.2
   Compiling regex v1.12.3
   Compiling cexpr v0.6.0
   Compiling reth-stages-types v2.0.0 (https://github.com/paradigmxyz/reth?tag=v2.0.0#eb4c15e5)
   Compiling revm-inspector v17.0.0
   Compiling alloy-chains v0.2.33
   Compiling bzip2-sys v0.1.13+1.0.8
   Compiling http v1.4.0
   Compiling reth-codecs-derive v0.1.1
   Compiling lz4-sys v1.11.1+lz4-1.10.0
   Compiling dyn-clone v1.0.20
   Compiling reth-codecs v0.1.1
   Compiling alloy-hardforks v0.4.7
   Compiling revm v36.0.0
   Compiling reth-static-file-types v2.0.0 (https://github.com/paradigmxyz/reth?tag=v2.0.0#eb4c15e5)
   Compiling alloy-sol-types v1.5.7
   Compiling reth-prune-types v2.0.0 (https://github.com/paradigmxyz/reth?tag=v2.0.0#eb4c15e5)
   Compiling base64 v0.22.1
   Compiling librocksdb-sys v0.17.3+10.4.2
   Compiling reth-storage-errors v2.0.0 (https://github.com/paradigmxyz/reth?tag=v2.0.0#eb4c15e5)
   Compiling alloy-evm v0.30.0
   Compiling borsh v1.6.1
   Compiling async-trait v0.1.89
   Compiling borsh-derive v1.6.1
   Compiling reth-execution-errors v2.0.0 (https://github.com/paradigmxyz/reth?tag=v2.0.0#eb4c15e5)
   Compiling tokio-util v0.7.18
   Compiling aho-corasick v1.1.4
   Compiling time-core v0.1.8
   Compiling thiserror v1.0.69
   Compiling httparse v1.10.1
   Compiling powerfmt v0.2.0
   Compiling lazy_static v1.5.0
   Compiling num-conv v0.2.1
   Compiling time-macros v0.2.27
   Compiling deranged v0.5.8
   Compiling reth-trie-sparse v2.0.0 (https://github.com/paradigmxyz/reth?tag=v2.0.0#eb4c15e5)
   Compiling http-body v1.0.1
   Compiling thiserror-impl v1.0.69
   Compiling ethnum v1.5.3
   Compiling torus-types v0.1.0 (/home/crab/projects/Torus-hyperBFT/crates/torus-types)
   Compiling time v0.3.47
   Compiling reth-trie v2.0.0 (https://github.com/paradigmxyz/reth?tag=v2.0.0#eb4c15e5)
   Compiling bincode v1.3.3
   Compiling tower-service v0.3.3
   Compiling syn v1.0.109
   Compiling hashlink v0.10.0
   Compiling libp2p-swarm-derive v0.35.1
   Compiling tinyvec_macros v0.1.1
   Compiling getrandom v0.1.16
   Compiling tinyvec v1.11.0
   Compiling libp2p-swarm v0.47.1
   Compiling rusticata-macros v4.1.0
   Compiling nix v0.30.1
   Compiling asn1-rs-derive v0.6.0
   Compiling asn1-rs-impl v0.2.0
   Compiling netlink-packet-core v0.8.1
   Compiling sync_wrapper v1.0.2
   Compiling getrandom v0.4.2
   Compiling try-lock v0.2.5
   Compiling ipnet v2.12.0
   Compiling prometheus-client v0.24.1
   Compiling atomic-waker v1.1.2
   Compiling tower-layer v0.3.3
   Compiling h2 v0.4.13
   Compiling tower v0.5.3
   Compiling want v0.3.1
   Compiling asn1-rs v0.7.1
   Compiling toml v0.5.11
   Compiling matchers v0.2.0
   Compiling http-body-util v0.1.3
   Compiling sharded-slab v0.1.7
   Compiling tokio-stream v0.1.18
   Compiling jsonrpsee-types v0.26.0
   Compiling netlink-sys v0.8.8
   Compiling asynchronous-codec v0.7.0
   Compiling tracing-serde v0.2.0
   Compiling prometheus-client-derive-encode v0.5.0
   Compiling tracing-log v0.2.0
   Compiling thread_local v1.1.9
   Compiling httpdate v1.0.3
   Compiling dtoa v1.0.11
   Compiling oid-registry v0.8.1
   Compiling openssl-probe v0.2.1
   Compiling nu-ansi-term v0.50.3
   Compiling rustls-native-certs v0.8.3
   Compiling tracing-subscriber v0.3.23
   Compiling hyper v1.9.0
   Compiling jsonrpsee-core v0.26.0
   Compiling netlink-proto v0.12.0
   Compiling proc-macro-crate v0.1.5
   Compiling rand_core v0.5.1
   Compiling netlink-packet-route v0.28.0
   Compiling borsh-derive-internal v0.10.4
   Compiling borsh-schema-derive-internal v0.10.4
   Compiling tokio-rustls v0.26.4
   Compiling quinn-udp v0.5.14
   Compiling concurrent-queue v2.5.0
   Compiling sha1 v0.10.6
   Compiling parking v2.2.1
   Compiling crunchy v0.2.4
   Compiling event-listener v5.4.1
   Compiling soketto v0.8.1
   Compiling borsh-derive v0.10.4
   Compiling uuid v1.23.0
   Compiling hyper-util v0.1.20
   Compiling rand_chacha v0.2.2
   Compiling torus-telemetry v0.1.0 (/home/crab/projects/Torus-hyperBFT/crates/torus-telemetry)
   Compiling rustls-platform-verifier v0.5.3
   Compiling rtnetlink v0.20.0
   Compiling quick-protobuf-codec v0.3.1
   Compiling der-parser v10.0.0
   Compiling yasna v0.5.2
   Compiling pem v3.0.6
   Compiling futures-bounded v0.2.4
   Compiling quinn v0.11.9
   Compiling hashbrown v0.13.2
   Compiling crossbeam-channel v0.5.15
   Compiling snow v0.9.6
   Compiling enum-as-inner v0.6.1
   Compiling typed-builder-macro v0.16.2
   Compiling lru-slab v0.1.2
   Compiling nohash-hasher v0.2.0
   Compiling tagptr v0.2.0
   Compiling hickory-proto v0.25.2
   Compiling moka v0.12.15
   Compiling typed-builder v0.16.2
   Compiling quinn-proto v0.11.14
   Compiling borsh v0.10.4
   Compiling rcgen v0.13.2
   Compiling x509-parser v0.17.0
   Compiling if-watch v3.2.2
   Compiling rand v0.7.3
   Compiling event-listener-strategy v0.5.4
   Compiling futures-rustls v0.26.0
   Compiling hashbrown v0.14.5
   Compiling inout v0.1.4
   Compiling fern v0.6.2
   Compiling zstd-safe v7.2.4
   Compiling utf8parse v0.2.2
   Compiling base64 v0.21.7
   Compiling resolv-conf v0.7.6
   Compiling hotstuff_rs v0.4.0 (/home/crab/projects/Torus-hyperBFT/crates/hotstuff_rs)
   Compiling hashlink v0.9.1
warning: unused import: `is_proposer`
  --> crates/hotstuff_rs/src/hotstuff/implementation.rs:36:33
   |
36 |         roles::{is_phase_voter, is_proposer, new_view_recipients_with_reputation},
   |                                 ^^^^^^^^^^^
   |
   = note: `#[warn(unused_imports)]` (part of `#[warn(unused)]`) on by default

   Compiling hickory-resolver v0.25.2
   Compiling anstyle-parse v1.0.0
   Compiling cipher v0.4.4
   Compiling libp2p-tls v0.6.2
   Compiling uint v0.10.0
warning: methods `chain_id` and `view` are never used
  --> crates/hotstuff_rs/src/types/signed_messages.rs:71:8
   |
69 | pub(crate) trait Vote: SignedMessage {
   |                  ---- methods in this trait
70 |     /// Get the `chain_id` of the chain that the `Vote` is about.
71 |     fn chain_id(&self) -> ChainID;
   |        ^^^^^^^^
...
74 |     fn view(&self) -> ViewNumber;
   |        ^^^^
   |
   = note: `#[warn(dead_code)]` (part of `#[warn(unused)]`) on by default

warning: associated function `quorum` is never used
   --> crates/hotstuff_rs/src/types/signed_messages.rs:142:8
    |
 80 | pub(crate) trait Certificate {
    |                  ----------- associated function in this trait
...
142 |     fn quorum(validator_set_power: TotalPower) -> TotalPower {
    |        ^^^^^^

warning: field `0` is never read
   --> crates/hotstuff_rs/src/pacemaker/implementation.rs:702:21
    |
702 |     UpdateViewError(UpdateViewError),
    |     --------------- ^^^^^^^^^^^^^^^
    |     |
    |     field in this variant
    |
    = note: `PacemakerError` has a derived impl for the trait `Debug`, but this is intentionally ignored during dead code analysis
help: consider changing the field to be of unit type to suppress this warning while preserving the field numbering, or remove the field
    |
702 -     UpdateViewError(UpdateViewError),
702 +     UpdateViewError(()),
    |

warning: field `0` is never read
   --> crates/hotstuff_rs/src/pacemaker/implementation.rs:705:21
    |
705 |     ExtendViewError(ExtendViewError),
    |     --------------- ^^^^^^^^^^^^^^^
    |     |
    |     field in this variant
    |
    = note: `PacemakerError` has a derived impl for the trait `Debug`, but this is intentionally ignored during dead code analysis
help: consider changing the field to be of unit type to suppress this warning while preserving the field numbering, or remove the field
    |
705 -     ExtendViewError(ExtendViewError),
705 +     ExtendViewError(()),
    |

warning: field `0` is never read
   --> crates/hotstuff_rs/src/pacemaker/implementation.rs:708:20
    |
708 |     BlockTreeError(BlockTreeError),
    |     -------------- ^^^^^^^^^^^^^^
    |     |
    |     field in this variant
    |
    = note: `PacemakerError` has a derived impl for the trait `Debug`, but this is intentionally ignored during dead code analysis
help: consider changing the field to be of unit type to suppress this warning while preserving the field numbering, or remove the field
    |
708 -     BlockTreeError(BlockTreeError),
708 +     BlockTreeError(()),
    |

warning: fields `cur_view` and `next_view` are never read
   --> crates/hotstuff_rs/src/pacemaker/implementation.rs:736:9
    |
734 |     NonIncreasingViewError {
    |     ---------------------- fields in this variant
735 |         /// The current view.
736 |         cur_view: ViewNumber,
    |         ^^^^^^^^
...
739 |         next_view: ViewNumber,
    |         ^^^^^^^^^
    |
    = note: `UpdateViewError` has a derived impl for the trait `Debug`, but this is intentionally ignored during dead code analysis

warning: field `view` is never read
   --> crates/hotstuff_rs/src/pacemaker/implementation.rs:745:27
    |
745 |     GetViewTimeoutError { view: ViewNumber },
    |     -------------------   ^^^^
    |     |
    |     field in this variant
    |
    = note: `UpdateViewError` has a derived impl for the trait `Debug`, but this is intentionally ignored during dead code analysis

warning: field `view` is never read
   --> crates/hotstuff_rs/src/pacemaker/implementation.rs:752:33
    |
752 |     TriedToExtendNonEpochView { view: ViewNumber },
    |     -------------------------   ^^^^
    |     |
    |     field in this variant
    |
    = note: `ExtendViewError` has a derived impl for the trait `Debug`, but this is intentionally ignored during dead code analysis

warning: field `view` is never read
   --> crates/hotstuff_rs/src/pacemaker/implementation.rs:755:27
    |
755 |     GetViewTimeoutError { view: ViewNumber },
    |     -------------------   ^^^^
    |     |
    |     field in this variant
    |
    = note: `ExtendViewError` has a derived impl for the trait `Debug`, but this is intentionally ignored during dead code analysis

warning: methods `pending_body` and `take_pending_body` are never used
   --> crates/hotstuff_rs/src/hotstuff/implementation.rs:180:19
    |
104 | impl<N: Network> HotStuff<N> {
    | ---------------------------- methods in this implementation
...
180 |     pub(crate) fn pending_body(&self, hash: &CryptoHash) -> Option<&Block> {
    |                   ^^^^^^^^^^^^
...
184 |     pub(crate) fn take_pending_body(&mut self, hash: &CryptoHash) -> Option<Block> {
    |                   ^^^^^^^^^^^^^^^^^

warning: field `0` is never read
    --> crates/hotstuff_rs/src/hotstuff/implementation.rs:1916:20
     |
1916 |     BlockTreeError(BlockTreeError),
     |     -------------- ^^^^^^^^^^^^^^
     |     |
     |     field in this variant
     |
     = note: `HotStuffError` has a derived impl for the trait `Debug`, but this is intentionally ignored during dead code analysis
help: consider changing the field to be of unit type to suppress this warning while preserving the field numbering, or remove the field
     |
1916 -     BlockTreeError(BlockTreeError),
1916 +     BlockTreeError(()),
     |

warning: function `new_view_recipients` is never used
   --> crates/hotstuff_rs/src/hotstuff/roles.rs:256:15
    |
256 | pub(crate) fn new_view_recipients(
    |               ^^^^^^^^^^^^^^^^^^^

warning: field `0` is never read
   --> crates/hotstuff_rs/src/block_sync/client.rs:771:20
    |
771 |     BlockTreeError(BlockTreeError),
    |     -------------- ^^^^^^^^^^^^^^
    |     |
    |     field in this variant
    |
    = note: `BlockSyncClientError` has a derived impl for the trait `Debug`, but this is intentionally ignored during dead code analysis
help: consider changing the field to be of unit type to suppress this warning while preserving the field numbering, or remove the field
    |
771 -     BlockTreeError(BlockTreeError),
771 +     BlockTreeError(()),
    |

warning: hiding a lifetime that's elided elsewhere is confusing
   --> crates/hotstuff_rs/src/app.rs:296:23
    |
296 |     pub fn block_tree(&self) -> &AppBlockTreeView<K> {
    |                       ^^^^^     ^^^^^^^^^^^^^^^^^^^^
    |                       |         ||
    |                       |         |the same lifetime is hidden here
    |                       |         the same lifetime is elided here
    |                       the lifetime is elided here
    |
    = help: the same lifetime is referred to in inconsistent ways, making the signature confusing
    = note: `#[warn(mismatched_lifetime_syntaxes)]` on by default
help: use `'_` for type paths
    |
296 |     pub fn block_tree(&self) -> &AppBlockTreeView<'_, K> {
    |                                                   +++

warning: hiding a lifetime that's elided elsewhere is confusing
  --> crates/hotstuff_rs/src/types/update_sets.rs:72:20
   |
72 |     pub fn inserts(&self) -> hash_map::Iter<K, V> {
   |                    ^^^^^     ^^^^^^^^^^^^^^^^^^^^ the same lifetime is hidden here
   |                    |
   |                    the lifetime is elided here
   |
   = help: the same lifetime is referred to in inconsistent ways, making the signature confusing
help: use `'_` for type paths
   |
72 |     pub fn inserts(&self) -> hash_map::Iter<'_, K, V> {
   |                                             +++

warning: hiding a lifetime that's elided elsewhere is confusing
  --> crates/hotstuff_rs/src/types/update_sets.rs:77:20
   |
77 |     pub fn deletes(&self) -> hash_set::Iter<K> {
   |                    ^^^^^     ^^^^^^^^^^^^^^^^^ the same lifetime is hidden here
   |                    |
   |                    the lifetime is elided here
   |
   = help: the same lifetime is referred to in inconsistent ways, making the signature confusing
help: use `'_` for type paths
   |
77 |     pub fn deletes(&self) -> hash_set::Iter<'_, K> {
   |                                             +++

warning: hiding a lifetime that's elided elsewhere is confusing
   --> crates/hotstuff_rs/src/types/validator_set.rs:121:23
    |
121 |     pub fn validators(&self) -> slice::Iter<VerifyingKey> {
    |                       ^^^^^     ^^^^^^^^^^^^^^^^^^^^^^^^^ the same lifetime is hidden here
    |                       |
    |                       the lifetime is elided here
    |
    = help: the same lifetime is referred to in inconsistent ways, making the signature confusing
help: use `'_` for type paths
    |
121 |     pub fn validators(&self) -> slice::Iter<'_, VerifyingKey> {
    |                                             +++

warning: eliding a lifetime that's named elsewhere is confusing
  --> crates/hotstuff_rs/src/block_tree/pluggables.rs:29:49
   |
29 |     fn snapshot<'b>(&'b self) -> Self::Snapshot<'_>;
   |                      --                         ^^ the same lifetime is elided here
   |                      |
   |                      the lifetime is named here
   |
   = help: the same lifetime is referred to in inconsistent ways, making the signature confusing
help: consistently use `'b`
   |
29 -     fn snapshot<'b>(&'b self) -> Self::Snapshot<'_>;
29 +     fn snapshot<'b>(&'b self) -> Self::Snapshot<'b>;
   |

   Compiling async-channel v2.5.0
   Compiling yamux v0.12.1
   Compiling yamux v0.13.10
   Compiling jsonrpsee-client-transport v0.26.0
   Compiling hyper-rustls v0.27.8
   Compiling x25519-dalek v2.0.1
   Compiling cbor4ii v0.3.3
   Compiling universal-hash v0.5.1
   Compiling socket2 v0.5.10
   Compiling hex_fmt v0.3.0
   Compiling opaque-debug v0.3.1
   Compiling anstyle v1.0.14
warning: `hotstuff_rs` (lib) generated 19 warnings (run `cargo fix --lib -p hotstuff_rs` to apply 6 suggestions)
   Compiling is_terminal_polyfill v1.70.2
   Compiling route-recognizer v0.3.1
   Compiling anstyle-query v1.1.5
   Compiling colorchoice v1.0.5
   Compiling jsonrpsee-server v0.26.0
   Compiling polyval v0.6.2
   Compiling anstream v1.0.0
   Compiling libp2p-quic v0.13.0
   Compiling libp2p-gossipsub v0.49.4
   Compiling libp2p-request-response v0.29.0
   Compiling libp2p-noise v0.46.1
   Compiling jsonrpsee-http-client v0.26.0
   Compiling jsonrpsee-ws-client v0.26.0
   Compiling libp2p-yamux v0.47.0
   Compiling libp2p-dns v0.44.0
   Compiling libp2p-kad v0.48.0
   Compiling libp2p-tcp v0.44.1
   Compiling libp2p-identify v0.47.0
   Compiling libp2p-allow-block-list v0.6.0
   Compiling libp2p-connection-limits v0.6.0
   Compiling jsonrpsee-proc-macros v0.26.0
   Compiling serde_spanned v0.6.9
   Compiling toml_datetime v0.6.11
   Compiling clap_lex v1.1.0
   Compiling winnow v0.7.15
   Compiling toml_write v0.1.2
   Compiling base64ct v1.8.3
   Compiling jsonrpsee-wasm-client v0.26.0
   Compiling clap_builder v4.6.0
   Compiling jsonrpsee v0.26.0
   Compiling password-hash v0.5.0
   Compiling libp2p v0.56.0
   Compiling zstd v0.13.3
   Compiling ghash v0.5.1
   Compiling toml_edit v0.22.27
   Compiling ctr v0.9.2
   Compiling aes v0.8.4
   Compiling clap_derive v4.6.0
   Compiling blake2 v0.10.6
   Compiling aead v0.5.2
   Compiling aes-gcm v0.10.3
   Compiling argon2 v0.5.3
   Compiling clap v4.6.0
   Compiling toml v0.8.23
   Compiling rocksdb v0.24.0
   Compiling torus-state v0.1.0 (/home/crab/projects/Torus-hyperBFT/crates/torus-state)
   Compiling torus-economics v0.1.0 (/home/crab/projects/Torus-hyperBFT/crates/torus-economics)
   Compiling torus-mempool v0.1.0 (/home/crab/projects/Torus-hyperBFT/crates/torus-mempool)
   Compiling torus-network v0.1.0 (/home/crab/projects/Torus-hyperBFT/crates/torus-network)
warning: method `len` is never used
  --> crates/torus-mempool/src/verified_cache.rs:86:12
   |
32 | impl<K: Hash + Eq + Clone, V: Clone> FifoCache<K, V> {
   | ---------------------------------------------------- method in this implementation
...
86 |     pub fn len(&self) -> usize {
   |            ^^^
   |
   = note: `#[warn(dead_code)]` (part of `#[warn(unused)]`) on by default

   Compiling torus-core v0.1.0 (/home/crab/projects/Torus-hyperBFT/crates/torus-core)
warning: `torus-mempool` (lib) generated 1 warning
   Compiling torus-evm v0.1.0 (/home/crab/projects/Torus-hyperBFT/crates/torus-evm)
   Compiling torus-genesis v0.1.0 (/home/crab/projects/Torus-hyperBFT/crates/torus-genesis)
   Compiling torus-bridge v0.1.0 (/home/crab/projects/Torus-hyperBFT/crates/torus-bridge)
   Compiling torus-rpc v0.1.0 (/home/crab/projects/Torus-hyperBFT/crates/torus-rpc)
warning: function `set_receipt_metadata` is never used
   --> crates/torus-bridge/src/proposer.rs:268:4
    |
268 | fn set_receipt_metadata(
    |    ^^^^^^^^^^^^^^^^^^^^
    |
    = note: `#[warn(dead_code)]` (part of `#[warn(unused)]`) on by default

   Compiling torus-consensus v0.1.0 (/home/crab/projects/Torus-hyperBFT/crates/torus-consensus)
warning: function `verify_one_action` is never used
   --> crates/torus-rpc/src/torus.rs:262:15
    |
262 | pub(crate) fn verify_one_action(
    |               ^^^^^^^^^^^^^^^^^
    |
    = note: `#[warn(dead_code)]` (part of `#[warn(unused)]`) on by default

warning: `torus-bridge` (lib) generated 1 warning
warning: `torus-rpc` (lib) generated 1 warning
   Compiling torus-node v0.1.0 (/home/crab/projects/Torus-hyperBFT/crates/torus-node)
    Finished `release` profile [optimized] target(s) in 34m 06s
