   Compiling torus-types v0.1.0 (/home/crab/projects/Torus-hyperBFT/crates/torus-types)
   Compiling torus-telemetry v0.1.0 (/home/crab/projects/Torus-hyperBFT/crates/torus-telemetry)
warning: unused import: `is_proposer`
  --> crates/hotstuff_rs/src/hotstuff/implementation.rs:36:33
   |
36 |         roles::{is_phase_voter, is_proposer, new_view_recipients_with_reputation},
   |                                 ^^^^^^^^^^^
   |
   = note: `#[warn(unused_imports)]` (part of `#[warn(unused)]`) on by default

warning: methods `chain_id` and `view` are never used
  --> crates/hotstuff_rs/src/types/signed_messages.rs:71:8
   |
69 | pub(crate) trait Vote: SignedMessage {
   |                  ---- methods in this trait
70 |     /// Get the `chain_id` of the chain that the `Vote` is about.
71 |     fn chain_id(&self) -> ChainID;
   |        ^^^^^^^^
...
74 |     fn view(&self) -> ViewNumber;
   |        ^^^^
   |
   = note: `#[warn(dead_code)]` (part of `#[warn(unused)]`) on by default

warning: associated function `quorum` is never used
   --> crates/hotstuff_rs/src/types/signed_messages.rs:142:8
    |
 80 | pub(crate) trait Certificate {
    |                  ----------- associated function in this trait
...
142 |     fn quorum(validator_set_power: TotalPower) -> TotalPower {
    |        ^^^^^^

warning: field `0` is never read
   --> crates/hotstuff_rs/src/pacemaker/implementation.rs:702:21
    |
702 |     UpdateViewError(UpdateViewError),
    |     --------------- ^^^^^^^^^^^^^^^
    |     |
    |     field in this variant
    |
    = note: `PacemakerError` has a derived impl for the trait `Debug`, but this is intentionally ignored during dead code analysis
help: consider changing the field to be of unit type to suppress this warning while preserving the field numbering, or remove the field
    |
702 -     UpdateViewError(UpdateViewError),
702 +     UpdateViewError(()),
    |

warning: field `0` is never read
   --> crates/hotstuff_rs/src/pacemaker/implementation.rs:705:21
    |
705 |     ExtendViewError(ExtendViewError),
    |     --------------- ^^^^^^^^^^^^^^^
    |     |
    |     field in this variant
    |
    = note: `PacemakerError` has a derived impl for the trait `Debug`, but this is intentionally ignored during dead code analysis
help: consider changing the field to be of unit type to suppress this warning while preserving the field numbering, or remove the field
    |
705 -     ExtendViewError(ExtendViewError),
705 +     ExtendViewError(()),
    |

warning: field `0` is never read
   --> crates/hotstuff_rs/src/pacemaker/implementation.rs:708:20
    |
708 |     BlockTreeError(BlockTreeError),
    |     -------------- ^^^^^^^^^^^^^^
    |     |
    |     field in this variant
    |
    = note: `PacemakerError` has a derived impl for the trait `Debug`, but this is intentionally ignored during dead code analysis
help: consider changing the field to be of unit type to suppress this warning while preserving the field numbering, or remove the field
    |
708 -     BlockTreeError(BlockTreeError),
708 +     BlockTreeError(()),
    |

warning: fields `cur_view` and `next_view` are never read
   --> crates/hotstuff_rs/src/pacemaker/implementation.rs:736:9
    |
734 |     NonIncreasingViewError {
    |     ---------------------- fields in this variant
735 |         /// The current view.
736 |         cur_view: ViewNumber,
    |         ^^^^^^^^
...
739 |         next_view: ViewNumber,
    |         ^^^^^^^^^
    |
    = note: `UpdateViewError` has a derived impl for the trait `Debug`, but this is intentionally ignored during dead code analysis

warning: field `view` is never read
   --> crates/hotstuff_rs/src/pacemaker/implementation.rs:745:27
    |
745 |     GetViewTimeoutError { view: ViewNumber },
    |     -------------------   ^^^^
    |     |
    |     field in this variant
    |
    = note: `UpdateViewError` has a derived impl for the trait `Debug`, but this is intentionally ignored during dead code analysis

warning: field `view` is never read
   --> crates/hotstuff_rs/src/pacemaker/implementation.rs:752:33
    |
752 |     TriedToExtendNonEpochView { view: ViewNumber },
    |     -------------------------   ^^^^
    |     |
    |     field in this variant
    |
    = note: `ExtendViewError` has a derived impl for the trait `Debug`, but this is intentionally ignored during dead code analysis

warning: field `view` is never read
   --> crates/hotstuff_rs/src/pacemaker/implementation.rs:755:27
    |
755 |     GetViewTimeoutError { view: ViewNumber },
    |     -------------------   ^^^^
    |     |
    |     field in this variant
    |
    = note: `ExtendViewError` has a derived impl for the trait `Debug`, but this is intentionally ignored during dead code analysis

warning: methods `pending_body` and `take_pending_body` are never used
   --> crates/hotstuff_rs/src/hotstuff/implementation.rs:180:19
    |
104 | impl<N: Network> HotStuff<N> {
    | ---------------------------- methods in this implementation
...
180 |     pub(crate) fn pending_body(&self, hash: &CryptoHash) -> Option<&Block> {
    |                   ^^^^^^^^^^^^
...
184 |     pub(crate) fn take_pending_body(&mut self, hash: &CryptoHash) -> Option<Block> {
    |                   ^^^^^^^^^^^^^^^^^

warning: field `0` is never read
    --> crates/hotstuff_rs/src/hotstuff/implementation.rs:1916:20
     |
1916 |     BlockTreeError(BlockTreeError),
     |     -------------- ^^^^^^^^^^^^^^
     |     |
     |     field in this variant
     |
     = note: `HotStuffError` has a derived impl for the trait `Debug`, but this is intentionally ignored during dead code analysis
help: consider changing the field to be of unit type to suppress this warning while preserving the field numbering, or remove the field
     |
1916 -     BlockTreeError(BlockTreeError),
1916 +     BlockTreeError(()),
     |

warning: function `new_view_recipients` is never used
   --> crates/hotstuff_rs/src/hotstuff/roles.rs:256:15
    |
256 | pub(crate) fn new_view_recipients(
    |               ^^^^^^^^^^^^^^^^^^^

warning: field `0` is never read
   --> crates/hotstuff_rs/src/block_sync/client.rs:771:20
    |
771 |     BlockTreeError(BlockTreeError),
    |     -------------- ^^^^^^^^^^^^^^
    |     |
    |     field in this variant
    |
    = note: `BlockSyncClientError` has a derived impl for the trait `Debug`, but this is intentionally ignored during dead code analysis
help: consider changing the field to be of unit type to suppress this warning while preserving the field numbering, or remove the field
    |
771 -     BlockTreeError(BlockTreeError),
771 +     BlockTreeError(()),
    |

warning: hiding a lifetime that's elided elsewhere is confusing
   --> crates/hotstuff_rs/src/app.rs:296:23
    |
296 |     pub fn block_tree(&self) -> &AppBlockTreeView<K> {
    |                       ^^^^^     ^^^^^^^^^^^^^^^^^^^^
    |                       |         ||
    |                       |         |the same lifetime is hidden here
    |                       |         the same lifetime is elided here
    |                       the lifetime is elided here
    |
    = help: the same lifetime is referred to in inconsistent ways, making the signature confusing
    = note: `#[warn(mismatched_lifetime_syntaxes)]` on by default
help: use `'_` for type paths
    |
296 |     pub fn block_tree(&self) -> &AppBlockTreeView<'_, K> {
    |                                                   +++

warning: hiding a lifetime that's elided elsewhere is confusing
  --> crates/hotstuff_rs/src/types/update_sets.rs:72:20
   |
72 |     pub fn inserts(&self) -> hash_map::Iter<K, V> {
   |                    ^^^^^     ^^^^^^^^^^^^^^^^^^^^ the same lifetime is hidden here
   |                    |
   |                    the lifetime is elided here
   |
   = help: the same lifetime is referred to in inconsistent ways, making the signature confusing
help: use `'_` for type paths
   |
72 |     pub fn inserts(&self) -> hash_map::Iter<'_, K, V> {
   |                                             +++

warning: hiding a lifetime that's elided elsewhere is confusing
  --> crates/hotstuff_rs/src/types/update_sets.rs:77:20
   |
77 |     pub fn deletes(&self) -> hash_set::Iter<K> {
   |                    ^^^^^     ^^^^^^^^^^^^^^^^^ the same lifetime is hidden here
   |                    |
   |                    the lifetime is elided here
   |
   = help: the same lifetime is referred to in inconsistent ways, making the signature confusing
help: use `'_` for type paths
   |
77 |     pub fn deletes(&self) -> hash_set::Iter<'_, K> {
   |                                             +++

warning: hiding a lifetime that's elided elsewhere is confusing
   --> crates/hotstuff_rs/src/types/validator_set.rs:121:23
    |
121 |     pub fn validators(&self) -> slice::Iter<VerifyingKey> {
    |                       ^^^^^     ^^^^^^^^^^^^^^^^^^^^^^^^^ the same lifetime is hidden here
    |                       |
    |                       the lifetime is elided here
    |
    = help: the same lifetime is referred to in inconsistent ways, making the signature confusing
help: use `'_` for type paths
    |
121 |     pub fn validators(&self) -> slice::Iter<'_, VerifyingKey> {
    |                                             +++

warning: eliding a lifetime that's named elsewhere is confusing
  --> crates/hotstuff_rs/src/block_tree/pluggables.rs:29:49
   |
29 |     fn snapshot<'b>(&'b self) -> Self::Snapshot<'_>;
   |                      --                         ^^ the same lifetime is elided here
   |                      |
   |                      the lifetime is named here
   |
   = help: the same lifetime is referred to in inconsistent ways, making the signature confusing
help: consistently use `'b`
   |
29 -     fn snapshot<'b>(&'b self) -> Self::Snapshot<'_>;
29 +     fn snapshot<'b>(&'b self) -> Self::Snapshot<'b>;
   |

warning: `hotstuff_rs` (lib) generated 19 warnings (run `cargo fix --lib -p hotstuff_rs` to apply 6 suggestions)
   Compiling torus-state v0.1.0 (/home/crab/projects/Torus-hyperBFT/crates/torus-state)
   Compiling torus-wallet v0.1.0 (/home/crab/projects/Torus-hyperBFT/tools/wallet)
   Compiling torus-faucet v0.1.0 (/home/crab/projects/Torus-hyperBFT/tools/faucet)
   Compiling torus-economics v0.1.0 (/home/crab/projects/Torus-hyperBFT/crates/torus-economics)
   Compiling torus-mempool v0.1.0 (/home/crab/projects/Torus-hyperBFT/crates/torus-mempool)
   Compiling torus-network v0.1.0 (/home/crab/projects/Torus-hyperBFT/crates/torus-network)
warning: method `len` is never used
  --> crates/torus-mempool/src/verified_cache.rs:86:12
   |
32 | impl<K: Hash + Eq + Clone, V: Clone> FifoCache<K, V> {
   | ---------------------------------------------------- method in this implementation
...
86 |     pub fn len(&self) -> usize {
   |            ^^^
   |
   = note: `#[warn(dead_code)]` (part of `#[warn(unused)]`) on by default

   Compiling torus-core v0.1.0 (/home/crab/projects/Torus-hyperBFT/crates/torus-core)
warning: `torus-mempool` (lib) generated 1 warning
   Compiling torus-evm v0.1.0 (/home/crab/projects/Torus-hyperBFT/crates/torus-evm)
   Compiling torus-bridge v0.1.0 (/home/crab/projects/Torus-hyperBFT/crates/torus-bridge)
warning: function `set_receipt_metadata` is never used
   --> crates/torus-bridge/src/proposer.rs:268:4
    |
268 | fn set_receipt_metadata(
    |    ^^^^^^^^^^^^^^^^^^^^
    |
    = note: `#[warn(dead_code)]` (part of `#[warn(unused)]`) on by default

   Compiling torus-genesis v0.1.0 (/home/crab/projects/Torus-hyperBFT/crates/torus-genesis)
   Compiling torus-consensus v0.1.0 (/home/crab/projects/Torus-hyperBFT/crates/torus-consensus)
   Compiling torus-rpc v0.1.0 (/home/crab/projects/Torus-hyperBFT/crates/torus-rpc)
warning: `torus-bridge` (lib) generated 1 warning
   Compiling bench-throughput v0.1.0 (/home/crab/projects/Torus-hyperBFT/tools/bench-throughput)
warning: function `verify_one_action` is never used
   --> crates/torus-rpc/src/torus.rs:262:15
    |
262 | pub(crate) fn verify_one_action(
    |               ^^^^^^^^^^^^^^^^^
    |
    = note: `#[warn(dead_code)]` (part of `#[warn(unused)]`) on by default

warning: `torus-rpc` (lib) generated 1 warning
   Compiling torus-node v0.1.0 (/home/crab/projects/Torus-hyperBFT/crates/torus-node)
    Finished `release` profile [optimized] target(s) in 4m 29s
